// Jest Snapshot v1, https://goo.gl/fbAQLP

exports[`delay Корректные значения 1`] = `
[
  "1",
  "2",
]
`;

exports[`getData Корректные значения 1`] = `
[
  "1",
  "2",
]
`;
